src/qec/__init__.py
src/qec/adapters/__init__.py
src/qec/adapters/nexus/__init__.py
src/qec/adapters/nexus/__main__.py
src/qec/adapters/nexus/attestation.py
src/qec/adapters/nexus/cli.py
src/qec/adapters/nexus/contract.py
src/qec/adapters/nexus/evidence.py
src/qec/adapters/nexus/replication.py
src/qec/adapters/nexus/replication_cli.py
src/qec/adapters/nexus/runner.py
src/qec/adapters/nexus/source.py
src/qec/adapters/nexus/version.py
src/qec/ai/__init__.py
src/qec/ai/controller_snapshot_schema.py
src/qec/ai/movement_learning_2d.py
src/qec/ai/movement_learning_3d.py
src/qec/ai/state_space_bridge.py
src/qec/ai/state_space_validator.py
src/qec/ai/surface_feedback_engine.py
src/qec/analysis/__init__.py
src/qec/analysis/_decoder_candidate_manifest_utils.py
src/qec/analysis/absorbing_sets.py
src/qec/analysis/action_capsule_kernel.py
src/qec/analysis/active_probing.py
src/qec/analysis/adaptive_control.py
src/qec/analysis/adaptive_policy_orchestrator.py
src/qec/analysis/adaptive_steering_policy_memory.py
src/qec/analysis/adaptive_supervisory_controller.py
src/qec/analysis/adaptive_thermal_control_kernel.py
src/qec/analysis/adversarial_determinism_battery.py
src/qec/analysis/adversarial_extraction_validation.py
src/qec/analysis/agent_governance_fence.py
src/qec/analysis/agent_metrics.py
src/qec/analysis/agent_observation_trace_receipts.py
src/qec/analysis/agent_pattern_decision_receipts.py
src/qec/analysis/agent_spacing.py
src/qec/analysis/agent_specialization.py
src/qec/analysis/analog_runtime_acceleration_layer.py
src/qec/analysis/api.py
src/qec/analysis/arithmetic_topology_correspondence_engine.py
src/qec/analysis/atomic_semantic_lattice_contract.py
src/qec/analysis/atomic_signal_transduction_observatory.py
src/qec/analysis/attractor_analysis.py
src/qec/analysis/attractor_phase_map.py
src/qec/analysis/autonomous_anomaly_detection_kernel.py
src/qec/analysis/autonomous_loop.py
src/qec/analysis/autonomous_planning_kernel.py
src/qec/analysis/autonomous_planning_prekernel.py
src/qec/analysis/autonomous_planning_search_kernel.py
src/qec/analysis/backend_equivalence_replay_receipts.py
src/qec/analysis/backend_invariant_candidate_receipts.py
src/qec/analysis/baseline_strategies.py
src/qec/analysis/basin_depth.py
src/qec/analysis/basin_diagnostics.py
src/qec/analysis/basin_escape_direction.py
src/qec/analysis/basin_map_export.py
src/qec/analysis/basin_stagnation.py
src/qec/analysis/basin_statistics.py
src/qec/analysis/basin_switch_detector.py
src/qec/analysis/basin_transitions.py
src/qec/analysis/bayesian_landscape_model.py
src/qec/analysis/benchmark_comparison.py
src/qec/analysis/bethe_hessian.py
src/qec/analysis/bethe_hessian_fast.py
src/qec/analysis/bethe_hessian_utils.py
src/qec/analysis/bosonic_interface.py
src/qec/analysis/bounded_refinement_kernel.py
src/qec/analysis/bp_diagnostics.py
src/qec/analysis/bp_residuals.py
src/qec/analysis/bregman_f_divergence_correspondence_engine.py
src/qec/analysis/byte_level_model_boundary_receipts.py
src/qec/analysis/byzantine_safe_proof_consensus.py
src/qec/analysis/cached_canonical_kernel_receipts.py
src/qec/analysis/canonical_decoder_baseline_receipts.py
src/qec/analysis/canonical_hashing.py
src/qec/analysis/canonical_identity.py
src/qec/analysis/canonicalization_engine.py
src/qec/analysis/capability_privilege_boundary_engine.py
src/qec/analysis/cellular_correction_field.py
src/qec/analysis/citation_integrity_receipts.py
src/qec/analysis/claim_audit.py
src/qec/analysis/claim_scope_receipts.py
src/qec/analysis/closed_loop_auditory_phase_control.py
src/qec/analysis/closed_loop_simulation_kernel.py
src/qec/analysis/cluster_expansion_noise_kernel.py
src/qec/analysis/coding_agent_execution_kernel.py
src/qec/analysis/coherence_field_kernel.py
src/qec/analysis/collapse_analysis.py
src/qec/analysis/collapse_reset_simulation_battery.py
src/qec/analysis/columnar_optimization_opportunity_receipts.py
src/qec/analysis/complex_systems_phase_engine.py
src/qec/analysis/conceptual_branch_v137.py
src/qec/analysis/conflict_classification.py
src/qec/analysis/conjecture_engine.py
src/qec/analysis/conjecture_execution.py
src/qec/analysis/conjecture_validation.py
src/qec/analysis/consensus_engine.py
src/qec/analysis/consistency_metrics.py
src/qec/analysis/constants.py
src/qec/analysis/constraint_tension.py
src/qec/analysis/control_flow.py
src/qec/analysis/control_layer.py
src/qec/analysis/control_memory.py
src/qec/analysis/convergence_analysis.py
src/qec/analysis/convergence_engine.py
src/qec/analysis/cooperative_metrics.py
src/qec/analysis/core_invariants.py
src/qec/analysis/correction_dispatch.py
src/qec/analysis/correction_dynamics.py
src/qec/analysis/correlated_noise_simulator.py
src/qec/analysis/counterfactual_replay_kernel.py
src/qec/analysis/counterfactual_testing.py
src/qec/analysis/coupled_dynamics.py
src/qec/analysis/crawler_boundary_receipts.py
src/qec/analysis/critical_attractor_detector.py
src/qec/analysis/cross_agent_governance.py
src/qec/analysis/cross_arc_identity_link.py
src/qec/analysis/cross_backend_equivalence_receipts.py
src/qec/analysis/cross_domain_convergence_benchmarks.py
src/qec/analysis/cross_domain_quantization.py
src/qec/analysis/cross_environment_replay_kernel.py
src/qec/analysis/cross_modal_replay_certification.py
src/qec/analysis/cross_node_recovery_runtime.py
src/qec/analysis/cycle_topology.py
src/qec/analysis/dataframe_backend_manifest.py
src/qec/analysis/decay_checkpoint_contract.py
src/qec/analysis/decay_resistance_proof.py
src/qec/analysis/decoder_benchmark_ladder_receipts.py
src/qec/analysis/decoder_candidate_manifests.py
src/qec/analysis/decoder_design_baselines.py
src/qec/analysis/decoder_design_metrics.py
src/qec/analysis/decoder_fast_path_equivalence_receipts.py
src/qec/analysis/decoder_implementation_boundary_receipts.py
src/qec/analysis/decoder_optimization_contracts.py
src/qec/analysis/decoder_promotion_receipts.py
src/qec/analysis/decoder_replay_equivalence_receipts.py
src/qec/analysis/decoder_rollback_receipts.py
src/qec/analysis/decoder_topology_discovery.py
src/qec/analysis/decoherence_fragmentation_recovery_kernel.py
src/qec/analysis/defect_catalog.py
src/qec/analysis/defect_scheduler.py
src/qec/analysis/demo_utils.py
src/qec/analysis/demoscene_physics_simulation_core.py
src/qec/analysis/dependency_hotpath_receipts.py
src/qec/analysis/dependency_reduction_receipts.py
src/qec/analysis/determinism_enforcement.py
src/qec/analysis/deterministic_compression_storage.py
src/qec/analysis/deterministic_coprocessor_kernel.py
src/qec/analysis/deterministic_execution_wrapper.py
src/qec/analysis/deterministic_gnn_decoder_kernel.py
src/qec/analysis/deterministic_latent_decode_lane.py
src/qec/analysis/deterministic_nlp_governance_layer.py
src/qec/analysis/deterministic_rollback_planning_engine.py
src/qec/analysis/deterministic_stress_lattice.py
src/qec/analysis/deterministic_transition_policy.py
src/qec/analysis/dfa_supervisor_synthesizer.py
src/qec/analysis/diagnosis_refinement.py
src/qec/analysis/dialogical_document_governance.py
src/qec/analysis/differential_diagnosis.py
src/qec/analysis/digital_decay_signature.py
src/qec/analysis/discovery_archive_analyzer.py
src/qec/analysis/distributed_convergence_proof.py
src/qec/analysis/distributed_proof_aggregation.py
src/qec/analysis/distributed_proof_consistency.py
src/qec/analysis/distributed_state_synchronization_bus.py
src/qec/analysis/distributed_timing_mesh.py
src/qec/analysis/dominance_pruning.py
src/qec/analysis/dynamic_code_policy_kernel.py
src/qec/analysis/e8_symmetry_projection_layer.py
src/qec/analysis/e8_topology_projection_experiment.py
src/qec/analysis/e8_triality_traversal_path_mesh.py
src/qec/analysis/early_termination_via_dark_state_proofs.py
src/qec/analysis/eigenmode_mutation.py
src/qec/analysis/eigenmode_subspace.py
src/qec/analysis/eigenvector_localization.py
src/qec/analysis/ensemble_consistency_engine.py
src/qec/analysis/entropy_drift_receipt.py
src/qec/analysis/episodic_memory_lifting.py
src/qec/analysis/evaluation_pack.py
src/qec/analysis/evidence_lineage.py
src/qec/analysis/execution_bridge.py
src/qec/analysis/expected_improvement.py
src/qec/analysis/experiment_dsl.py
src/qec/analysis/experiment_registry.py
src/qec/analysis/experiment_strategy.py
src/qec/analysis/experiment_targets.py
src/qec/analysis/experimental_research_pack.py
src/qec/analysis/exploration_metrics.py
src/qec/analysis/exploration_state.py
src/qec/analysis/extraction_boundary.py
src/qec/analysis/failure_ledger.py
src/qec/analysis/fast_path_equivalence_receipts.py
src/qec/analysis/feedback_control.py
src/qec/analysis/field_metrics.py
src/qec/analysis/finite_size_scaling.py
src/qec/analysis/finite_state_controller.py
src/qec/analysis/fisher_rao_geometry_approximation_layer.py
src/qec/analysis/fix_proposal_kernel.py
src/qec/analysis/fix_validation_kernel.py
src/qec/analysis/flow_alignment.py
src/qec/analysis/flow_geometry.py
src/qec/analysis/forecast_guided_steering.py
src/qec/analysis/forecast_guided_supervisory_steering.py
src/qec/analysis/fractal_field_invariant_mapper.py
src/qec/analysis/fractal_invariant_compression.py
src/qec/analysis/fragmentation_recovery_engine.py
src/qec/analysis/friction_control.py
src/qec/analysis/functional_kernel_readout_shell.py
src/qec/analysis/game_world_adapter_contract.py
src/qec/analysis/game_world_chaos_replay_verdict.py
src/qec/analysis/game_world_episode_trace.py
src/qec/analysis/game_world_intake_contract.py
src/qec/analysis/game_world_interaction_report.py
src/qec/analysis/game_world_observation_snapshot.py
src/qec/analysis/game_world_strategy_probe.py
src/qec/analysis/generalized_invariant_detector.py
src/qec/analysis/geometry_topology_reasoning_layer.py
src/qec/analysis/global_control.py
src/qec/analysis/global_replay_proof.py
src/qec/analysis/global_truth_receipt.py
src/qec/analysis/global_validation_index.py
src/qec/analysis/governance_semantic_compression.py
src/qec/analysis/governance_stability_validation.py
src/qec/analysis/governance_validation_kernel.py
src/qec/analysis/governed_closed_loop_simulation.py
src/qec/analysis/governed_orchestration_layer.py
src/qec/analysis/governed_steering_integration.py
src/qec/analysis/graph_controllability.py
src/qec/analysis/graph_universe_claim_boundary_receipts.py
src/qec/analysis/hardware_alignment_layer.py
src/qec/analysis/hardware_feedback_consensus_bridge.py
src/qec/analysis/hardware_replay_battery.py
src/qec/analysis/hardware_validation_bridge.py
src/qec/analysis/hardware_validation_feedback.py
src/qec/analysis/hardware_validation_governance.py
src/qec/analysis/hash_preserving_memory_compression.py
src/qec/analysis/heavy_dependency_discovery.py
src/qec/analysis/heterogeneous_scheduler.py
src/qec/analysis/hierarchical_control.py
src/qec/analysis/hierarchical_memory_arbitration.py
src/qec/analysis/hilber_shift_projection.py
src/qec/analysis/honest_noise_approximation.py
src/qec/analysis/human_review_boundary_receipts.py
src/qec/analysis/hybrid_automata.py
src/qec/analysis/hybrid_replay_certification.py
src/qec/analysis/hybrid_signal_interface.py
src/qec/analysis/hypothesis_generator.py
src/qec/analysis/hypothesis_lattice.py
src/qec/analysis/hypothesis_ranking.py
src/qec/analysis/identity_contract.py
src/qec/analysis/identity_hashing_contract.py
src/qec/analysis/ihara_bass_gradient.py
src/qec/analysis/inference_backend_manifest.py
src/qec/analysis/inference_memory_bandwidth_receipts.py
src/qec/analysis/information_gain.py
src/qec/analysis/information_geometric_certification_pack.py
src/qec/analysis/information_geometry_consensus_kernel.py
src/qec/analysis/integer_matrix_offload_engine.py
src/qec/analysis/inter_agent_protocol.py
src/qec/analysis/invariant_analysis.py
src/qec/analysis/invariant_application.py
src/qec/analysis/invariant_fusion_engine.py
src/qec/analysis/invariant_geometry_embedding.py
src/qec/analysis/invariant_proving_engine.py
src/qec/analysis/invariant_registry.py
src/qec/analysis/invariant_synthesis.py
src/qec/analysis/issue_normalization_kernel.py
src/qec/analysis/iterative_system_abstraction_layer.py
src/qec/analysis/jensen_shannon_signal_divergence_kernel.py
src/qec/analysis/kv_cache_policy_receipts.py
src/qec/analysis/landscape_gaps.py
src/qec/analysis/landscape_io.py
src/qec/analysis/landscape_metrics.py
src/qec/analysis/latency_stabilization_loop.py
src/qec/analysis/lattice_drift_replay_alignment.py
src/qec/analysis/law_control.py
src/qec/analysis/law_engine.py
src/qec/analysis/law_evolution.py
src/qec/analysis/law_extraction.py
src/qec/analysis/law_promotion.py
src/qec/analysis/layer_removal_proof.py
src/qec/analysis/layer_spec_contract.py
src/qec/analysis/layered_compression_equivalence.py
src/qec/analysis/layered_lattice_projection_receipts.py
src/qec/analysis/layered_state_receipt.py
src/qec/analysis/lazy_plan_canonical_receipts.py
src/qec/analysis/legacy_copper_noise_channel_battery.py
src/qec/analysis/lightweight_adapter_specs.py
src/qec/analysis/localization_metrics.py
src/qec/analysis/loop_termination_contract.py
src/qec/analysis/loop_termination_proof.py
src/qec/analysis/manifold_traversal_planner.py
src/qec/analysis/material_encoding_receipt.py
src/qec/analysis/memory_compression_context_ledger.py
src/qec/analysis/memory_fidelity_benchmark.py
src/qec/analysis/memory_traffic_reduction_battery.py
src/qec/analysis/meta_control.py
src/qec/analysis/meta_diagnostics.py
src/qec/analysis/meta_law_miner.py
src/qec/analysis/minimal_chain_experiments.py
src/qec/analysis/ml_benchmark_minimal.py
src/qec/analysis/morphology_transition_kernel.py
src/qec/analysis/multi_agent_convergence.py
src/qec/analysis/multi_agent_failure_injection.py
src/qec/analysis/multi_agent_governance.py
src/qec/analysis/multi_code_bridge.py
src/qec/analysis/multi_code_migration_engine.py
src/qec/analysis/multi_code_orchestration_benchmark.py
src/qec/analysis/multi_code_selector.py
src/qec/analysis/multi_regime_scaling.py
src/qec/analysis/multi_scale_invariant_receipt.py
src/qec/analysis/multi_step_evaluation.py
src/qec/analysis/multimodal_feature_schema.py
src/qec/analysis/multimodal_theory_synchronization.py
src/qec/analysis/multiscale_metrics.py
src/qec/analysis/multistate.py
src/qec/analysis/nb_eigenmode_flow.py
src/qec/analysis/nb_instability_gradient.py
src/qec/analysis/nb_perturbation_scorer.py
src/qec/analysis/nb_spectral_basin_steering.py
src/qec/analysis/nb_threshold_predictor.py
src/qec/analysis/nb_trapping_set_predictor.py
src/qec/analysis/networkx_topology_analysis.py
src/qec/analysis/neural_acceleration_sim.py
src/qec/analysis/neural_compression_sidecar.py
src/qec/analysis/neuromorphic_substrate_simulator.py
src/qec/analysis/noise_tailoring_hardware_bridge.py
src/qec/analysis/noise_tailoring_pulse_runtime.py
src/qec/analysis/non_backtracking_matrix.py
src/qec/analysis/non_backtracking_spectrum.py
src/qec/analysis/nonbacktracking_flow.py
src/qec/analysis/numerological_rejection_battery.py
src/qec/analysis/operator_statistics.py
src/qec/analysis/optimal_transport_geometry_kernel.py
src/qec/analysis/optimization_contracts.py
src/qec/analysis/optimization_implementation_receipts.py
src/qec/analysis/optimization_opportunity_index.py
src/qec/analysis/optimized_qec_benchmark_receipts.py
src/qec/analysis/optimized_simulation_reports.py
src/qec/analysis/optimized_simulation_specs.py
src/qec/analysis/optimized_telemetry_receipts.py
src/qec/analysis/paper_generation_provenance_receipts.py
src/qec/analysis/parallel_workload_splitter.py
src/qec/analysis/parameter_golf_compression_receipts.py
src/qec/analysis/pareto_analysis.py
src/qec/analysis/pareto_explanation.py
src/qec/analysis/parity_coherence.py
src/qec/analysis/per_subsystem_stress_receipts.py
src/qec/analysis/per_subsystem_substrate_receipts.py
src/qec/analysis/performance_metrics.py
src/qec/analysis/periodicity_structure_kernel.py
src/qec/analysis/perturbation_contract.py
src/qec/analysis/perturbation_matrix.py
src/qec/analysis/phase_boundary_topology_kernel.py
src/qec/analysis/phase_characterization.py
src/qec/analysis/phase_coherence_audit_layer.py
src/qec/analysis/phase_diagram_uncertainty.py
src/qec/analysis/phase_lock_state_transition_kernel.py
src/qec/analysis/phase_space.py
src/qec/analysis/phase_space_decoder_steering.py
src/qec/analysis/phase_surface_analysis.py
src/qec/analysis/phase_transition_analysis.py
src/qec/analysis/phase_transition_forecast_engine.py
src/qec/analysis/physics_music_video_composition_engine.py
src/qec/analysis/physics_signal.py
src/qec/analysis/planning_replay_battery.py
src/qec/analysis/polars_pandas_equivalence_receipts.py
src/qec/analysis/policy.py
src/qec/analysis/policy_adaptation_kernel.py
src/qec/analysis/policy_clustering.py
src/qec/analysis/policy_constrained_planner.py
src/qec/analysis/policy_decision_evidence_kernel.py
src/qec/analysis/policy_family_benchmarking_kernel.py
src/qec/analysis/policy_feedback_controller.py
src/qec/analysis/policy_memory.py
src/qec/analysis/policy_memory_adaptive_governance.py
src/qec/analysis/policy_memory_engine.py
src/qec/analysis/policy_refinement.py
src/qec/analysis/policy_sensitivity_analysis_kernel.py
src/qec/analysis/policy_signal_robustness.py
src/qec/analysis/polytope_reasoning_engine.py
src/qec/analysis/power_aware_control_modulation.py
src/qec/analysis/predictor_recalibration.py
src/qec/analysis/promotion_gate.py
src/qec/analysis/proof_obligation_extractor.py
src/qec/analysis/protection_metrics.py
src/qec/analysis/provocation_analysis.py
src/qec/analysis/qam_compatibility_profile.py
src/qec/analysis/qpe_toolbox_adapter_receipts.py
src/qec/analysis/quantization_aware_decoder_observation.py
src/qec/analysis/quantization_aware_forecast_compression.py
src/qec/analysis/quantum_communication_governance_layer.py
src/qec/analysis/quantum_geometry_signal_receipts.py
src/qec/analysis/quantum_memory_signal_receipts.py
src/qec/analysis/quantum_noise_balancing_layer.py
src/qec/analysis/quantum_noise_fidelity_observatory.py
src/qec/analysis/quantum_route_optimization_layer.py
src/qec/analysis/quaternary_message_passing.py
src/qec/analysis/quaternary_quantization.py
src/qec/analysis/readout_combination_matrix.py
src/qec/analysis/readout_projection_receipts.py
src/qec/analysis/real_workload_injection.py
src/qec/analysis/real_world_proof_chain.py
src/qec/analysis/reality_loop_composition_spec.py
src/qec/analysis/reality_loop_proof_receipt.py
src/qec/analysis/recovery_validation_kernel.py
src/qec/analysis/recursive_proof_receipt.py
src/qec/analysis/regime_classification.py
src/qec/analysis/regime_confidence.py
src/qec/analysis/regime_history.py
src/qec/analysis/regime_jump.py
src/qec/analysis/region_assignment.py
src/qec/analysis/region_correspondence_kernel.py
src/qec/analysis/replay_certification_battery.py
src/qec/analysis/replay_cross_environment_proof.py
src/qec/analysis/replay_log_consensus_layer.py
src/qec/analysis/representation_analysis.py
src/qec/analysis/reproducibility_metadata.py
src/qec/analysis/res_rag_resonance_validation.py
src/qec/analysis/res_rag_semantic_field.py
src/qec/analysis/research_automation_manifest.py
src/qec/analysis/residual_clusters.py
src/qec/analysis/resonance_interface_bridge.py
src/qec/analysis/resonance_lock_diagnostic_kernel.py
src/qec/analysis/retro_3d_world_modelling.py
src/qec/analysis/retro_camera_projection_pipeline.py
src/qec/analysis/retro_lighting_shading_model.py
src/qec/analysis/retro_phi_shell_rasterization_pipeline.py
src/qec/analysis/retro_target_registry.py
src/qec/analysis/retro_trace_control_kernel.py
src/qec/analysis/retro_trace_forecast_kernel.py
src/qec/analysis/retro_trace_forecast_lattice_kernel.py
src/qec/analysis/retro_trace_intake_bridge.py
src/qec/analysis/retro_trace_policy_sensitivity.py
src/qec/analysis/rf_equalization_and_ground_station_compensation.py
src/qec/analysis/robustness_sweep.py
src/qec/analysis/route_dead_end_pruning.py
src/qec/analysis/route_graph_execution_runtime.py
src/qec/analysis/router_lattice_paths.py
src/qec/analysis/safety_state_automata.py
src/qec/analysis/satellite_signal_baseline_and_orbital_noise.py
src/qec/analysis/scale_preserving_router_readout_receipts.py
src/qec/analysis/scheduling_metrics.py
src/qec/analysis/schema_equivalence_receipts.py
src/qec/analysis/scientific_certification_kernel.py
src/qec/analysis/scientific_replay_battery.py
src/qec/analysis/search_mask64_contract.py
src/qec/analysis/self_adjustment.py
src/qec/analysis/self_correcting_memory_claim_boundary_receipts.py
src/qec/analysis/self_determination_kernel.py
src/qec/analysis/self_diagnostics.py
src/qec/analysis/self_evaluation.py
src/qec/analysis/self_healing_control.py
src/qec/analysis/self_healing_integration_bridge.py
src/qec/analysis/semantic_memory_sonification.py
src/qec/analysis/semantic_stress_receipt.py
src/qec/analysis/semantic_theme_compaction.py
src/qec/analysis/shared_memory_fabric.py
src/qec/analysis/sierpinski_compression_receipt.py
src/qec/analysis/signal_abstraction_certification_battery.py
src/qec/analysis/signed_provenance_artifact_chain.py
src/qec/analysis/skill_library_manifest.py
src/qec/analysis/sonification.py
src/qec/analysis/sovereignty_kernel.py
src/qec/analysis/spectral_attractor_forecasting.py
src/qec/analysis/spectral_basins.py
src/qec/analysis/spectral_conjecture_validation.py
src/qec/analysis/spectral_conjectures.py
src/qec/analysis/spectral_counterexamples.py
src/qec/analysis/spectral_dataset.py
src/qec/analysis/spectral_defect_atlas.py
src/qec/analysis/spectral_diversity_memory.py
src/qec/analysis/spectral_energy.py
src/qec/analysis/spectral_entropy.py
src/qec/analysis/spectral_frontiers.py
src/qec/analysis/spectral_frustration.py
src/qec/analysis/spectral_geometry.py
src/qec/analysis/spectral_gradient.py
src/qec/analysis/spectral_landscape_memory.py
src/qec/analysis/spectral_localization.py
src/qec/analysis/spectral_mesh_resonance_audit.py
src/qec/analysis/spectral_motif_clustering.py
src/qec/analysis/spectral_motif_extraction.py
src/qec/analysis/spectral_mutation_memory.py
src/qec/analysis/spectral_phase_boundaries.py
src/qec/analysis/spectral_phase_boundary.py
src/qec/analysis/spectral_phase_diagram.py
src/qec/analysis/spectral_phase_diagram_3d.py
src/qec/analysis/spectral_phase_diagram_surrogate.py
src/qec/analysis/spectral_phase_map.py
src/qec/analysis/spectral_phase_predictor.py
src/qec/analysis/spectral_phase_space.py
src/qec/analysis/spectral_reasoning_layer.py
src/qec/analysis/spectral_regression.py
src/qec/analysis/spectral_ridges.py
src/qec/analysis/spectral_signature.py
src/qec/analysis/spectral_sonifier.py
src/qec/analysis/spectral_structure_kernel.py
src/qec/analysis/spectral_theory_dataset.py
src/qec/analysis/spectral_theory_memory.py
src/qec/analysis/spectral_theory_models.py
src/qec/analysis/spectral_trajectory.py
src/qec/analysis/spectral_trapping_sets.py
src/qec/analysis/spectral_uncertainty.py
src/qec/analysis/sphaera_runtime_bridge.py
src/qec/analysis/stability_attractor_field_engine.py
src/qec/analysis/stability_policy_lattice.py
src/qec/analysis/state_conditioned_filter_mesh.py
src/qec/analysis/state_observer.py
src/qec/analysis/strategy_adaptation.py
src/qec/analysis/strategy_adapter.py
src/qec/analysis/strategy_clustering.py
src/qec/analysis/strategy_composer.py
src/qec/analysis/strategy_correlation.py
src/qec/analysis/strategy_embedding.py
src/qec/analysis/strategy_evaluation.py
src/qec/analysis/strategy_evolution.py
src/qec/analysis/strategy_explanation.py
src/qec/analysis/strategy_generation.py
src/qec/analysis/strategy_graph.py
src/qec/analysis/strategy_history.py
src/qec/analysis/strategy_memory.py
src/qec/analysis/strategy_modes.py
src/qec/analysis/strategy_selection.py
src/qec/analysis/strategy_taxonomy.py
src/qec/analysis/strategy_topology.py
src/qec/analysis/strategy_transition.py
src/qec/analysis/strategy_transition_learning.py
src/qec/analysis/structural_diagnostics.py
src/qec/analysis/subgraph_extractor.py
src/qec/analysis/subgraph_invariant_pattern.py
src/qec/analysis/substrate_constraint_contract.py
src/qec/analysis/substrate_state_receipt.py
src/qec/analysis/subsystem_loop_receipts.py
src/qec/analysis/supervisory_automata.py
src/qec/analysis/supervisory_steering_policy_memory.py
src/qec/analysis/synthetic_signal_geometry_kernel.py
src/qec/analysis/system_demonstration.py
src/qec/analysis/system_diagnostics.py
src/qec/analysis/telecom_line_recovery_and_sync.py
src/qec/analysis/temporal_auditory_policy_arbitration.py
src/qec/analysis/temporal_auditory_sequence_analysis.py
src/qec/analysis/temporal_auditory_sequence_policy_memory.py
src/qec/analysis/temporal_confidence.py
src/qec/analysis/temporal_patterns.py
src/qec/analysis/temporal_transition_verifier.py
src/qec/analysis/terminal_kernel_handoff_release.py
src/qec/analysis/ternary_lattice_controller.py
src/qec/analysis/ternary_message_passing.py
src/qec/analysis/ternary_quantization.py
src/qec/analysis/theory_synthesis.py
src/qec/analysis/threshold_hysteresis_controller.py
src/qec/analysis/threshold_phase_map.py
src/qec/analysis/threshold_predictor.py
src/qec/analysis/timed_controller_synthesis.py
src/qec/analysis/tokenization_policy_receipts.py
src/qec/analysis/tool_dispatch_telemetry_receipts.py
src/qec/analysis/topological_graph_kernel.py
src/qec/analysis/topology_divergence_battery.py
src/qec/analysis/trajectory_geometry.py
src/qec/analysis/trajectory_metrics.py
src/qec/analysis/trajectory_replay.py
src/qec/analysis/trajectory_sonifier.py
src/qec/analysis/trajectory_validation.py
src/qec/analysis/transition_graph.py
src/qec/analysis/trap_memory.py
src/qec/analysis/trapping_set_classifier.py
src/qec/analysis/trapping_sets.py
src/qec/analysis/treatment_invariants.py
src/qec/analysis/treatment_planning.py
src/qec/analysis/unified_physics_simulation_orchestrator.py
src/qec/analysis/wu_wei_control.py
src/qec/archive/__init__.py
src/qec/archive/seeding.py
src/qec/archive/storage.py
src/qec/audio/__init__.py
src/qec/audio/audio_cognition_engine.py
src/qec/audio/audio_topology_lineage.py
src/qec/audio/cognition_registry.py
src/qec/audio/quantum_audio_logic_lab.py
src/qec/audio/sid6581_sonification_engine.py
src/qec/audio/triality_signal_engine.py
src/qec/benchmark/__init__.py
src/qec/benchmark/benchmark_table.py
src/qec/benchmark/bio_signal_benchmark_battery.py
src/qec/benchmark/discovery_benchmark.py
src/qec/benchmark/ququart_battery/__init__.py
src/qec/benchmark/ququart_battery/__main__.py
src/qec/benchmark/ququart_battery/channels.py
src/qec/benchmark/ququart_battery/claims.py
src/qec/benchmark/ququart_battery/cli.py
src/qec/benchmark/ququart_battery/exact_channels.py
src/qec/benchmark/ququart_battery/harmonic.py
src/qec/benchmark/ququart_battery/oracle.py
src/qec/benchmark/ququart_battery/replication.py
src/qec/benchmark/ququart_battery/report.py
src/qec/benchmark/ququart_battery/validate_cli.py
src/qec/benchmark/qutrit_battery/__init__.py
src/qec/benchmark/qutrit_battery/__main__.py
src/qec/benchmark/qutrit_battery/cli.py
src/qec/benchmark/qutrit_battery/codes.py
src/qec/benchmark/qutrit_battery/curves.py
src/qec/benchmark/qutrit_battery/harmonic.py
src/qec/benchmark/qutrit_battery/historical.py
src/qec/benchmark/qutrit_battery/prime.py
src/qec/benchmark/qutrit_battery/report.py
src/qec/benchmark/qutrit_battery/sources.py
src/qec/benchmark/qutrit_battery/stress.py
src/qec/capabilities.py
src/qec/channel/__init__.py
src/qec/channel/base.py
src/qec/channel/bsc_syndrome.py
src/qec/channel/geometry.py
src/qec/channel/geometry_post.py
src/qec/channel/oracle.py
src/qec/cli/__init__.py
src/qec/cli/sonify.py
src/qec/cli_contract.py
src/qec/codes/__init__.py
src/qec/codes/code_zoo.py
src/qec/command_specs.py
src/qec/control/__init__.py
src/qec/control/bounded_fallback_corridor.py
src/qec/control/collision_prevention_scheduler.py
src/qec/control/deterministic_control_sequence_kernel.py
src/qec/control/deterministic_rollback_planner.py
src/qec/control/dwell_time_guard.py
src/qec/control/explicit_state_transition_automata.py
src/qec/control/hysteresis_filter.py
src/qec/control/mode_switcher.py
src/qec/control/proof_carrying_control_sequence_engine.py
src/qec/control/transition_safety_envelope_kernel.py
src/qec/controller/__init__.py
src/qec/controller/execution_proof.py
src/qec/controller/multi_agent_verifier.py
src/qec/controller/qec_fsm.py
src/qec/controller/replay_engine.py
src/qec/controller/trajectory_observer.py
src/qec/core/__init__.py
src/qec/core/metrics.py
src/qec/decoder/__init__.py
src/qec/decoder/bp_decoder_experimental.py
src/qec/decoder/bp_decoder_reference.py
src/qec/decoder/decoder_interface.py
src/qec/decoder/energy.py
src/qec/decoder/law_driven_decoder.py
src/qec/decoder/ququart/__init__.py
src/qec/decoder/ququart/__main__.py
src/qec/decoder/ququart/codes.py
src/qec/decoder/ququart/cycle.py
src/qec/decoder/ququart/demo.py
src/qec/decoder/ququart/exact.py
src/qec/decoder/ququart/gates.py
src/qec/decoder/ququart/gf2.py
src/qec/decoder/ququart/packed.py
src/qec/decoder/ququart/syndrome.py
src/qec/decoder/qutrit/__init__.py
src/qec/decoder/qutrit/codes.py
src/qec/decoder/qutrit/cycle.py
src/qec/decoder/qutrit/demo.py
src/qec/decoder/qutrit/exact.py
src/qec/decoder/qutrit/gf3.py
src/qec/decoder/qutrit/stabilizer.py
src/qec/decoder/rpc.py
src/qec/decoder/stability_probe.py
src/qec/decoder/ternary/__init__.py
src/qec/decoder/ternary/ternary_coevolution.py
src/qec/decoder/ternary/ternary_decoder.py
src/qec/decoder/ternary/ternary_messages.py
src/qec/decoder/ternary/ternary_metrics.py
src/qec/decoder/ternary/ternary_rule_evaluator.py
src/qec/decoder/ternary/ternary_rule_fitness.py
src/qec/decoder/ternary/ternary_rule_mutations.py
src/qec/decoder/ternary/ternary_rule_variants.py
src/qec/decoder/ternary/ternary_trapping.py
src/qec/decoder/ternary/ternary_update_rules.py
src/qec/dev/__init__.py
src/qec/dev/coverage_data.py
src/qec/dev/dependency_graph.py
src/qec/dev/test_selection.py
src/qec/diagnostics/__init__.py
src/qec/diagnostics/_spectral_utils.py
src/qec/diagnostics/api.py
src/qec/diagnostics/basin_probe.py
src/qec/diagnostics/bethe_hessian.py
src/qec/diagnostics/bethe_hessian_margin.py
src/qec/diagnostics/bp_barrier_analysis.py
src/qec/diagnostics/bp_basin_analysis.py
src/qec/diagnostics/bp_boundary_analysis.py
src/qec/diagnostics/bp_dynamics.py
src/qec/diagnostics/bp_fixed_point_analysis.py
src/qec/diagnostics/bp_freeze_detection.py
src/qec/diagnostics/bp_jacobian_estimator.py
src/qec/diagnostics/bp_landscape_mapping.py
src/qec/diagnostics/bp_phase_diagram.py
src/qec/diagnostics/bp_phase_space.py
src/qec/diagnostics/bp_regime_trace.py
src/qec/diagnostics/bp_stability_predictor.py
src/qec/diagnostics/bp_stability_proxy.py
src/qec/diagnostics/critical_radius.py
src/qec/diagnostics/cycle_space_density.py
src/qec/diagnostics/effective_support_dimension.py
src/qec/diagnostics/energy_landscape.py
src/qec/diagnostics/iteration_trace.py
src/qec/diagnostics/nb_energy_heatmap.py
src/qec/diagnostics/nb_localization.py
src/qec/diagnostics/nb_localization_detector.py
src/qec/diagnostics/nb_sign_pattern_detector.py
src/qec/diagnostics/nb_sign_trapping_sets.py
src/qec/diagnostics/nb_spectral_gap.py
src/qec/diagnostics/nb_trapping_candidates.py
src/qec/diagnostics/non_backtracking_spectrum.py
src/qec/diagnostics/phase_boundary_analysis.py
src/qec/diagnostics/phase_diagram.py
src/qec/diagnostics/phase_heatmap.py
src/qec/diagnostics/repair_candidates.py
src/qec/diagnostics/repair_scoring.py
src/qec/diagnostics/sensitivity_map.py
src/qec/diagnostics/spectral_boundary_alignment.py
src/qec/diagnostics/spectral_bp_alignment.py
src/qec/diagnostics/spectral_critical_line.py
src/qec/diagnostics/spectral_curvature.py
src/qec/diagnostics/spectral_entropy.py
src/qec/diagnostics/spectral_failure_risk.py
src/qec/diagnostics/spectral_heatmaps.py
src/qec/diagnostics/spectral_incremental.py
src/qec/diagnostics/spectral_invariant_discovery.py
src/qec/diagnostics/spectral_metrics.py
src/qec/diagnostics/spectral_nb.py
src/qec/diagnostics/spectral_repair.py
src/qec/diagnostics/spectral_trapping_sets.py
src/qec/diagnostics/stability_boundary.py
src/qec/diagnostics/stability_classifier.py
src/qec/diagnostics/stability_optimizer.py
src/qec/diagnostics/stability_predictor.py
src/qec/diagnostics/tanner_spectral_analysis.py
src/qec/diagnostics/ternary_decoder_topology.py
src/qec/discovery/__init__.py
src/qec/discovery/ace_filter.py
src/qec/discovery/ace_repair.py
src/qec/discovery/adaptive_mutation_controller.py
src/qec/discovery/adaptive_operator_weights.py
src/qec/discovery/agent_coordination.py
src/qec/discovery/agent_messages.py
src/qec/discovery/api.py
src/qec/discovery/archive.py
src/qec/discovery/autonomous_scheduler.py
src/qec/discovery/basin_aware_flow.py
src/qec/discovery/basin_escape_mutation.py
src/qec/discovery/basin_hopping.py
src/qec/discovery/basin_switch_detector.py
src/qec/discovery/cooperative_region_planner.py
src/qec/discovery/cycle_guided_mutation.py
src/qec/discovery/cycle_pressure.py
src/qec/discovery/defect_guided_mutations.py
src/qec/discovery/discovery_agent.py
src/qec/discovery/discovery_engine.py
src/qec/discovery/diversity.py
src/qec/discovery/eigenmode_guided_swap.py
src/qec/discovery/experiment_planner.py
src/qec/discovery/experiment_queue.py
src/qec/discovery/experiment_targets.py
src/qec/discovery/exploration_policy.py
src/qec/discovery/guided_mutations.py
src/qec/discovery/hypothesis_guidance.py
src/qec/discovery/incremental_metrics.py
src/qec/discovery/local_optimizer.py
src/qec/discovery/motif_library.py
src/qec/discovery/motif_mutation.py
src/qec/discovery/multi_agent_coordinator.py
src/qec/discovery/mutation_context.py
src/qec/discovery/mutation_interface.py
src/qec/discovery/mutation_nb_eigenmode.py
src/qec/discovery/mutation_nb_gradient.py
src/qec/discovery/mutation_nb_guided.py
src/qec/discovery/mutation_operator.py
src/qec/discovery/mutation_operators.py
src/qec/discovery/mutation_registry.py
src/qec/discovery/mutation_trust_region.py
src/qec/discovery/nb_eigenmode_mutation.py
src/qec/discovery/nb_eigenvector_flow_mutation.py
src/qec/discovery/nb_flow_mutation.py
src/qec/discovery/nonbacktracking_eigenvector_flow.py
src/qec/discovery/novelty.py
src/qec/discovery/objectives.py
src/qec/discovery/pareto_archive.py
src/qec/discovery/phase_guided_search.py
src/qec/discovery/phase_novelty_search.py
src/qec/discovery/population_engine.py
src/qec/discovery/repair_operators.py
src/qec/discovery/run_discovery.py
src/qec/discovery/search_state.py
src/qec/discovery/spectral_bad_edge.py
src/qec/discovery/spectral_beam_search.py
src/qec/discovery/spectral_descent_loop.py
src/qec/discovery/spectral_gradient_flow.py
src/qec/discovery/spectral_gradient_mutation.py
src/qec/discovery/spectral_guided_mutation.py
src/qec/discovery/spectral_pressure.py
src/qec/discovery/swap_helpers.py
src/qec/discovery/threshold_search.py
src/qec/evolution/__init__.py
src/qec/evolution/promotion_history_monitor.py
src/qec/evolution/promotion_rollback_gate.py
src/qec/evolution/self_evolving_qec_loop.py
src/qec/experiments/__init__.py
src/qec/experiments/benchmark_runner.py
src/qec/experiments/benchmark_stress.py
src/qec/experiments/bp_prediction_validation.py
src/qec/experiments/bp_threshold.py
src/qec/experiments/bp_threshold_estimator.py
src/qec/experiments/cli.py
src/qec/experiments/concatenated_bosonic_decoder.py
src/qec/experiments/constants.py
src/qec/experiments/correction_layer.py
src/qec/experiments/cross_domain_mapper.py
src/qec/experiments/dfa_analysis.py
src/qec/experiments/dfa_benchmark.py
src/qec/experiments/dfa_engine.py
src/qec/experiments/dfa_invariants.py
src/qec/experiments/dfa_supervisor.py
src/qec/experiments/discovery_benchmark.py
src/qec/experiments/discovery_decoder_benchmark.py
src/qec/experiments/discovery_run.py
src/qec/experiments/eeec_anomaly_scan.py
src/qec/experiments/experiment_hash.py
src/qec/experiments/experiment_metadata.py
src/qec/experiments/experiment_runner.py
src/qec/experiments/fer_vs_spectral_radius.py
src/qec/experiments/generation_benchmark.py
src/qec/experiments/generation_trajectory.py
src/qec/experiments/gradient_flow_plot.py
src/qec/experiments/hierarchical_correction.py
src/qec/experiments/hybrid_codesign.py
src/qec/experiments/hybrid_inverse_design.py
src/qec/experiments/hybrid_target_sweep.py
src/qec/experiments/incremental_spectral_benchmark.py
src/qec/experiments/invariant_engine.py
src/qec/experiments/invariant_sonification.py
src/qec/experiments/inverse_design.py
src/qec/experiments/ldpc_search.py
src/qec/experiments/metrics_probe.py
src/qec/experiments/midi_cube_bridge.py
src/qec/experiments/mutation_trajectory_plot.py
src/qec/experiments/nb_flow_heatmap.py
src/qec/experiments/parameter_sweep.py
src/qec/experiments/perturbation_probe.py
src/qec/experiments/phase_basin_analysis.py
src/qec/experiments/phase_diagram_orchestrator.py
src/qec/experiments/phase_diagram_plot.py
src/qec/experiments/phase_geometric_dynamics.py
src/qec/experiments/phase_motif_graph.py
src/qec/experiments/phase_resonance_analysis.py
src/qec/experiments/phase_spectral_analysis.py
src/qec/experiments/phase_syndrome_analysis.py
src/qec/experiments/phase_syndrome_decoder.py
src/qec/experiments/phase_syndrome_geometry.py
src/qec/experiments/phase_trajectory_analysis.py
src/qec/experiments/phase_trajectory_motifs.py
src/qec/experiments/qec_exp_cli.py
src/qec/experiments/quaternary_bosonic_decoder.py
src/qec/experiments/qudit_dynamics.py
src/qec/experiments/qudit_geometric_correction.py
src/qec/experiments/qutip/__init__.py
src/qec/experiments/qutip/noise_experiment.py
src/qec/experiments/qutip/qutip_harness.py
src/qec/experiments/qutip/stabilizer_mapping.py
src/qec/experiments/registry.py
src/qec/experiments/repair_stability_trajectory.py
src/qec/experiments/risk_aware_damping.py
src/qec/experiments/risk_guided_perturbation.py
src/qec/experiments/sensitivity_preconditioner.py
src/qec/experiments/sequence_landscape.py
src/qec/experiments/sonic_analysis.py
src/qec/experiments/sonic_batch_analysis.py
src/qec/experiments/sonic_comparison.py
src/qec/experiments/sonic_transition_analysis.py
src/qec/experiments/sonic_visualizer.py
src/qec/experiments/sonification_batch.py
src/qec/experiments/sonification_comparison.py
src/qec/experiments/sonification_interpretation.py
src/qec/experiments/sonification_multirun.py
src/qec/experiments/sonification_regression.py
src/qec/experiments/spectral_basin_visualizer.py
src/qec/experiments/spectral_decoder_controller.py
src/qec/experiments/spectral_graph_design_rules.py
src/qec/experiments/spectral_graph_optimizer.py
src/qec/experiments/spectral_graph_repair_loop.py
src/qec/experiments/spectral_heatmap.py
src/qec/experiments/spectral_heatmap_experiment.py
src/qec/experiments/spectral_instability_phase_map.py
src/qec/experiments/spectral_optimizer_sanity_experiment.py
src/qec/experiments/spectral_phase_diagram.py
src/qec/experiments/spectral_repair_experiment.py
src/qec/experiments/spectral_validation.py
src/qec/experiments/stability_dataset.py
src/qec/experiments/stability_landscape.py
src/qec/experiments/stability_optimization_benchmark.py
src/qec/experiments/stability_phase_diagram.py
src/qec/experiments/stability_prediction_benchmark.py
src/qec/experiments/symbolic_dynamics.py
src/qec/experiments/tanner_graph_repair.py
src/qec/experiments/trajectory_clustering.py
src/qec/experiments/trapping_set_visualization.py
src/qec/experiments/uff_bridge.py
src/qec/experiments/uff_landscape.py
src/qec/fitness/__init__.py
src/qec/fitness/fitness_engine.py
src/qec/fitness/spectral_metrics.py
src/qec/generation/__init__.py
src/qec/generation/api.py
src/qec/generation/candidate_evaluation.py
src/qec/generation/candidate_ranking.py
src/qec/generation/deterministic_construction.py
src/qec/generation/export_generated_graph.py
src/qec/generation/peg_generator.py
src/qec/generation/tanner_graph_generator.py
src/qec/interface/__init__.py
src/qec/interface/interface_normalization_contract.py
src/qec/io/__init__.py
src/qec/io/export_graph.py
src/qec/memory/__init__.py
src/qec/memory/codebase_topology_indexer.py
src/qec/memory/decision_dag_compiler.py
src/qec/memory/deterministic_memory_graph_kernel.py
src/qec/memory/replay_safe_reasoning_graph.py
src/qec/modules/__init__.py
src/qec/modules/aggregation/__init__.py
src/qec/modules/aggregation/table.py
src/qec/modules/common.py
src/qec/modules/comparisons/__init__.py
src/qec/modules/comparisons/pairwise.py
src/qec/modules/pareto/__init__.py
src/qec/modules/pareto/frontier.py
src/qec/modules/pipeline/__init__.py
src/qec/modules/pipeline/pipeline.py
src/qec/modules/pipeline/validation.py
src/qec/modules/scoring/__init__.py
src/qec/modules/scoring/scores.py
src/qec/modules/sonification/__init__.py
src/qec/modules/sonification/e8_baseline.py
src/qec/modules/sonification/e8_multidim.py
src/qec/operator/__init__.py
src/qec/operator/irc_commands.py
src/qec/operator/irc_protocol.py
src/qec/operator/irc_replay_audit.py
src/qec/operator/irc_server.py
src/qec/orchestration/__init__.py
src/qec/orchestration/autonomous_research_orchestration_kernel.py
src/qec/orchestration/bounded_autonomy_ledger.py
src/qec/orchestration/correlated_noise_suppression_kernel.py
src/qec/orchestration/css_surface_hybrid_study.py
src/qec/orchestration/dataflow_research_ledger_kernel.py
src/qec/orchestration/decoder_portfolio_orchestrator.py
src/qec/orchestration/deterministic_agent_simulation_sandbox.py
src/qec/orchestration/deterministic_covenant_engine.py
src/qec/orchestration/deterministic_experiment_scheduling_kernel.py
src/qec/orchestration/deterministic_ledger_replay_certification_pack.py
src/qec/orchestration/deterministic_research_audit_kernel.py
src/qec/orchestration/governance_benchmark_battery.py
src/qec/orchestration/governance_calibration_drift_reconciliation_kernel.py
src/qec/orchestration/governance_control_stability_calibration_kernel.py
src/qec/orchestration/governance_drift_topology_stability_kernel.py
src/qec/orchestration/governance_forecast_drift_reconciliation_kernel.py
src/qec/orchestration/governance_forecast_feedback_control_kernel.py
src/qec/orchestration/governance_forecast_topology_reconciliation_kernel.py
src/qec/orchestration/governance_memory_io_boundary_auditor.py
src/qec/orchestration/governance_stability_forecast_kernel.py
src/qec/orchestration/governance_stability_topology_kernel.py
src/qec/orchestration/governance_topology_evolution_kernel.py
src/qec/orchestration/governance_topology_forecast_stability_kernel.py
src/qec/orchestration/latency_throughput_budget_ledger.py
src/qec/orchestration/policy_drift_analysis_kernel.py
src/qec/orchestration/policy_execution_firewall_kernel.py
src/qec/orchestration/proof_bound_api_layer.py
src/qec/orchestration/proof_carrying_agent_action_capsule.py
src/qec/orchestration/qutrit_hardware_dispatch_path.py
src/qec/orchestration/replay_safe_benchmark_pipeline_kernel.py
src/qec/orchestration/research_trace_lineage_kernel.py
src/qec/orchestration/ternary_asic_experiment_module.py
src/qec/orchestration/ternary_decode_lane.py
src/qec/orchestration/ternary_validation_bridge.py
src/qec/physics/__init__.py
src/qec/physics/wigner_phase_space_observatory.py
src/qec/routing/__init__.py
src/qec/routing/crossbar/__init__.py
src/qec/routing/crossbar/__main__.py
src/qec/routing/crossbar/cli.py
src/qec/routing/crossbar/contention.py
src/qec/routing/crossbar/continuity.py
src/qec/routing/crossbar/core.py
src/qec/routing/crossbar/marker.py
src/qec/routing/crossbar/multistage.py
src/qec/routing/equivalence.py
src/qec/routing/ess/__init__.py
src/qec/routing/ess/cli.py
src/qec/routing/ess/core.py
src/qec/routing/panel/__init__.py
src/qec/routing/panel/__main__.py
src/qec/routing/panel/cli.py
src/qec/routing/panel/core.py
src/qec/routing/strowger/__init__.py
src/qec/routing/strowger/__main__.py
src/qec/routing/strowger/cli.py
src/qec/routing/strowger/events.py
src/qec/routing/strowger/exchange.py
src/qec/routing/strowger/model.py
src/qec/routing/strowger/operator.py
src/qec/routing/strowger/pulse.py
src/qec/routing/strowger/receipts.py
src/qec/routing/strowger/tones.py
src/qec/runtime/constraint_bound_dispatch_firewall.py
src/qec/runtime/dark_state_mask_runtime_engine.py
src/qec/runtime/deterministic_recovery_operator.py
src/qec/runtime/distributed_execution_skip_fabric.py
src/qec/runtime/fpga_asic_control_module.py
src/qec/runtime/hardware_admissibility_proof_pack.py
src/qec/runtime/idempotence_class_detector.py
src/qec/runtime/latency_budget_enforcement_hardware.py
src/qec/runtime/multi_model_invocation_matrix.py
src/qec/runtime/persona_drift_tensor.py
src/qec/runtime/prompt_canonicalization_layer.py
src/qec/runtime/proof_carrying_runtime_bridge.py
src/qec/runtime/proof_carrying_skip_receipts.py
src/qec/runtime/quadratic_tension_functional_kernel.py
src/qec/runtime/runtime_admissibility_projection_engine.py
src/qec/runtime/runtime_skip_safety_validator.py
src/qec/runtime/stable_evaluation_receipt_pack.py
src/qec/runtime/technical_rigor_metric_pack.py
src/qec/runtime/thermal_power_budget_receipt_pack.py
src/qec/runtime/thermal_power_reduction_benchmark_pack.py
src/qec/runtime/throughput_scaling_study.py
src/qec/runtime/wrapper_divergence_study.py
src/qec/runtime/zenodo_dataset_export_layer.py
src/qec/security/__init__.py
src/qec/security/benchmark_vault.py
src/qec/security/intake_firewall_kernel.py
src/qec/sims/__init__.py
src/qec/sims/adapter_interface.py
src/qec/sims/adaptive_policy_search.py
src/qec/sims/arena_movement_sandbox.py
src/qec/sims/autopilot_policy_search.py
src/qec/sims/comparative_experiments.py
src/qec/sims/constrained_flight.py
src/qec/sims/control_policy_benchmark.py
src/qec/sims/fps_z_vertical_dynamics.py
src/qec/sims/lattice_civilization_engine.py
src/qec/sims/law_sweep_engine.py
src/qec/sims/mission_control_sandbox.py
src/qec/sims/observable_probe.py
src/qec/sims/phase_drift_analysis.py
src/qec/sims/phase_map_codec.py
src/qec/sims/phase_map_generator.py
src/qec/sims/phase_timeline_engine.py
src/qec/sims/propagation_stability_analysis.py
src/qec/sims/quantum_ecosystem_sandbox.py
src/qec/sims/qudit_coupling_dynamics.py
src/qec/sims/qudit_lattice_engine.py
src/qec/sims/qutrit_coupling.py
src/qec/sims/qutrit_life_automata.py
src/qec/sims/qutrit_propulsion_universe.py
src/qec/sims/recovery_tunnel_engine.py
src/qec/sims/spatial_arcade_2d.py
src/qec/sims/spatiotemporal_phase_lattice.py
src/qec/sims/supervisory_feedback_controller.py
src/qec/sims/trajectory_stability_analysis.py
src/qec/sims/uff_observable.py
src/qec/sims/universe_field_objectives.py
src/qec/sims/universe_kernel.py
src/qec/simulation/__init__.py
src/qec/simulation/correlated_noise_simulator.py
src/qec/simulation/experiment_packaging_format.py
src/qec/simulation/export_codec.py
src/qec/simulation/export_schema.py
src/qec/simulation/multi_code_orchestration_simulator.py
src/qec/simulation/non_clifford_truncated_polytope_bounds.py
src/qec/sonify/__init__.py
src/qec/sonify/canonical.py
src/qec/sonify/etq303.py
src/qec/sonify/events.py
src/qec/sonify/mapping.py
src/qec/sonify/ququart_harmonics.py
src/qec/sonify/qutrit_harmonics.py
src/qec/spectral/__init__.py
src/qec/spectral/nb_spectrum.py
src/qec/testing/__init__.py
src/qec/testing/experiment_harness.py
src/qec/utils/__init__.py
src/qec/utils/artifact_metadata.py
src/qec/utils/import_hygiene.py
src/qec/utils/reproducibility.py
src/qec/verification/__init__.py
src/qec/verification/formal_benchmark_interface.py
src/qec/verification/release_integrity.py
src/qec/visualization/__init__.py
src/qec/visualization/alignment_plot.py
src/qec/visualization/phase_map_plot.py
src/qec/visualization/resonance_phase_plot.py
src/qec/visualization/strategy_map.py
src/qec/visualization/trajectory_audio.py
src/qec/visualization/trajectory_plot.py
